../Drivers/CMSIS/Include/core_cm4.h:2059:26:ITM_SendChar	16	static,ignoring_inline_asm
../Core/Src/main.c:65:5:_write	32	static
../Core/Src/main.c:73:6:readBat	24	static
../Core/Src/main.c:97:5:main	8	static
../Core/Src/main.c:148:6:SystemClock_Config	96	static
../Core/Src/main.c:203:6:PeriphCommonClock_Config	96	static
../Core/Src/main.c:230:13:MX_ADC1_Init	32	static
../Core/Src/main.c:288:13:MX_RNG_Init	8	static
../Core/Src/main.c:314:13:MX_RTC_Init	32	static
../Core/Src/main.c:378:13:MX_GPIO_Init	40	static
../Core/Src/main.c:407:6:Error_Handler	4	static,ignoring_inline_asm
